PASS Desktop light root; exact primary IA; utility Settings; subordinate Customize; visible keyboard focus
PASS Desktop dark root
PASS Dark shell sampled text contrast at least 4.5:1
PASS Mobile dark root with exactly three bottom tabs
PASS Mobile light root; fixed bottom navigation and content clearance
PASS Customize subordinate to Study; Library filtering; advanced Import entry and return
PASS Library keyboard inspect and existing single-question practice/return
PASS Actual ordinary 10-question start; resume dominant; native replacement safe default; Escape and Keep preserve ID and restore focus
PASS Explicit replacement uses the existing session machinery
PASS Mobile select/submit/rationale; Saved toggle; Chinese reveal; glossary; voice controls; GPT clipboard; sticky controls and calculator use without shell collision
PASS New ordinary set completion persists Summary and bounded Last set
PASS Needs Review factual count, inspect/practice and return
PASS Saved inspect/practice/remove; last-row focus recovery and factual independent counts
PASS Last Set inspect/retry path; full marks clears Needs review; remediation does not replace ordinary Last set
PASS Existing skip and revisit flow
PASS Standalone visual question renders in active Study
PASS Clinical visual remains light-locked in dark shell
PASS Case study part navigation and staged chart presentation
PASS Settings persist theme, Large text and Chinese default; resumed session keeps its own language mode
PASS Progress factual metrics and topic navigation under Large text
PASS 320px extra narrow root, Library and Settings with Large text
PASS Real Chrome 200% zoom plus production Large text; root and native dialog title/safe action visible; Escape restores focus
PASS Forced production update banner remains visible and Refresh usable
PASS Dev-gated Preview Lab and Developer reachable through Settings; learner nav absent
PASS Delayed learner hydration cannot be bypassed by shell launch controls
PASS Start during active-session hydration waits, then offers safe replacement; no lost resumable session
PASS Final production file:// loads, navigates, starts Study and resumes after reload without module/path errors
PASS No new application console warnings/errors; file manifest CORS matches baseline exactly
