PASS witness-320-default-empty
PASS witness-320-default-empty
PASS keyboard-selected
PASS touch-selected
PASS witness-every-option-blank1-r1_deliver
PASS witness-every-option-blank1-r1_hospitalize
PASS witness-every-option-blank1-r1_plan
PASS witness-every-option-blank2-r2_hospitalize
PASS witness-every-option-blank2-r2_deliver
PASS witness-every-option-blank2-r2_plan
PASS witness-every-option-blank3-r3_plan
PASS witness-every-option-blank3-r3_hospitalize
PASS witness-every-option-blank3-r3_deliver
PASS witness-320-default-selected
PASS witness-320-default-submitted-correct
PASS witness-320-default-submitted-full-chinese
PASS witness-320-default-submitted-incorrect
PASS witness-320-large-empty
PASS witness-320-large-selected
PASS witness-320-large-submitted-correct
PASS witness-320-large-submitted-full-chinese
PASS witness-320-large-submitted-incorrect
PASS witness-390-default-empty
PASS witness-390-default-selected
PASS witness-390-default-submitted-correct
PASS witness-390-default-submitted-full-chinese
PASS witness-390-default-submitted-incorrect
PASS witness-390-large-empty
PASS witness-390-large-selected
PASS witness-390-large-submitted-correct
PASS witness-390-large-submitted-full-chinese
PASS witness-390-large-submitted-incorrect
PASS multi-dark-large-empty
PASS multi-partial
PASS multi-every-option-blank1-q05_request_amend
PASS multi-every-option-blank1-q05_request_conf
PASS multi-every-option-blank1-q05_request_access
PASS multi-every-option-blank2-q05_action_continue
PASS multi-every-option-blank2-q05_action_route
PASS multi-every-option-blank2-q05_action_explain
PASS multi-full-selected
PASS multi-revealed
PASS multi-language-EN
PASS multi-language-EN-ZH
PASS multi-language-Tap ZH
PASS multi-reloaded-draft
PASS multi-resumed-submitted
PASS witness-compact-always
PASS witness-dark-large-off
PASS witness-off-submitted
PASS case-empty
PASS case-every-option-blank1-1c
PASS case-every-option-blank1-1b
PASS case-every-option-blank1-1a
PASS case-every-option-blank1-1d
PASS case-every-option-blank2-2a
PASS case-every-option-blank2-2c
PASS case-every-option-blank2-2d
PASS case-every-option-blank2-2b
PASS case-selected
PASS case-returned-part
PASS case-submitted-correct
PASS summary-source-submission
PASS summary-read-only
PASS witness-width-780
PASS case-width-780
PASS witness-width-781
PASS case-width-781
PASS witness-width-820
PASS case-width-820
PASS witness-width-821
PASS case-width-821
PASS witness-width-1440
PASS case-width-1440
PASS multiple_choice-collateral-320
PASS multiple_choice-selected-320
PASS multiple_choice-collateral-821
PASS multiple_choice-selected-821
PASS multiple_choice-collateral-1440
PASS multiple_choice-selected-1440
PASS matrix-collateral-320
PASS matrix-selected-320
PASS matrix-collateral-821
PASS matrix-selected-821
PASS matrix-collateral-1440
PASS matrix-selected-1440
